// Jest Snapshot v1, https://goo.gl/fbAQLP

exports[`ResContainer should create a snapshot of ResContainer 1`] = `<section />`;
