// Jest Snapshot v1, https://goo.gl/fbAQLP

exports[`App should create a snapshot of App 1`] = `
<div
  className="App"
>
  <h1
    className="app-title"
  >
    Turing Cafe Reservations
  </h1>
  <Form
    handleForm={[Function]}
    makeReservation={[Function]}
  />
  <ResContainer
    guests={Array []}
  />
</div>
`;
